"Sample","TotalOTU","Halomonas","Percent Halomonas"
"MIC_003_HMP",463,623,74.31781701444623
"MIC_005_HMP",19,49,38.775510204081634
"MIC_006_HMP",265,9056,2.9262367491166077
"MIC_007_HMP",13,1778,0.7311586051743533
"MIC_009_HMP",3754,5298,70.85692714231786
"MIC_010_HMP",2616,4404,59.40054495912806
"MIC_011_HMP",862,1152,74.82638888888889
"MIC_012_HMP",45,3076,1.4629388816644993
"MIC_013_HMP",2106,6461,32.59557344064387
"MIC_014_HMP",78,11357,0.6868010918376332
"MIC_015_HMP",8,1757,0.4553215708594195
"MIC_016_HMP",907,3306,27.434966727162735
"MIC_017_HMP",544,831,65.46329723225031
"MIC_019_HMP",1933,3094,62.47575953458306
"MIC_020_HMP",1212,2647,45.78768417075935
"MIC_021_HMP",1322,2163,61.118816458622284
"MIC_022_HMP",408,1270,32.125984251968504
"MIC_023_HMP",1357,4958,27.369907220653488
"MIC_024_HMP",287,4594,6.247279059643013
"MIC_025_HMP",325,466,69.74248927038627
"MIC_026_HMP",814,2273,35.811702595688516
"MIC_027_HMP",1863,3054,61.00196463654224
"MIC_028_HMP",2209,5389,40.99090740397105
"MIC_029_HMP",1187,4406,26.94053563322742
"MIC_030_HMP",942,7208,13.068812430632631
"MIC_031_HMP",128,12084,1.059251903343264
"MIC_032_HMP",2688,3976,67.6056338028169
"MIC_033_HMP",3661,5697,64.26189222397754
"MIC_034_HMP",333,2361,14.104193138500634
"MIC_036_HMP",793,2324,34.12220309810671
"MIC_037_HMP",35,471,7.43099787685775
"MIC_039_HMP",118,9064,1.3018534863195057
"MIC_040_HMP",154,11390,1.3520632133450394
"MIC_042_HMP",2334,5994,38.93893893893894
"MIC_043_HMP",2885,6795,42.457689477557025
"MIC_044_HMP",2028,3219,63.0009319664492
"MIC_045_HMP",4279,9871,43.34920474116098
"MIC_047_HMP",2414,4648,51.936316695352836
"MIC_049_HMP",112,2388,4.690117252931323
"MIC_050_HMP",689,3179,21.673482227115446
"MIC_052_HMP",96,7940,1.2090680100755666
"MIC_053_HMP",766,3781,20.259190690293575
"MIC_054_HMP",423,12733,3.3220764941490613
"MIC_055_HMP",670,1486,45.08748317631225
"MIC_056_HMP",58,142,40.845070422535215
"MIC_057_HMP",305,485,62.88659793814433
"MIC_058_HMP",615,2485,24.748490945674046
"MIC_059_HMP",173,311,55.62700964630225
"MIC_062_HMP",14,1037,1.3500482160077145
"MIC_063_HMP",487,1652,29.479418886198548
"MIC_064_HMP",332,3169,10.476491006626697
"MIC_065_HMP",96,3193,3.0065768869401817
"MIC_066_HMP",135,9674,1.3954930742195577
"MIC_067_HMP",117,1209,9.67741935483871
